### 【mysql】mysql(列类型,日期时间,整数)[链接](https://www.jianshu.com/p/3ce2245bafae)

### 1.列类型
* 整数
    * `TINYINT`: 很小的整数。带符号的范围是-128到127。无符号的范围是0到255。
    * `MEDIUMINT`: 中等大小的整数。带符号的范围是-8388608到8388607。无符号的范围是0到16777215。
    * `INT`：普通大小的整数。带符号的范围是-2147483648到2147483647。无符号的范围是0到4294967295
    * `INTEGER`：这是`INT`的同义词
    * `BIGINT`：大整数。带符号的范围是-9223372036854775808到9223372036854775807。无符号的范围是0到18446744073709551615。
* 浮点数
    * `decimal`：指定小数点的位数
* 日期和时间类型概述
    * `date`
    * `datetime`
    * `TIMESTAMP`


#### 1.1 整数

##### 1.1.1 `INT`整数 & `decimal`浮点数
> `insert into t4(id, name, salary) values(1,'ceshi1',12999),(2,'ceshi2',15000.12);`
```
mysql> create table t4(id int, name varchar(50), salary decimal(10,2));
Query OK, 0 rows affected (0.01 sec)

mysql> desc t4;
+--------+---------------+------+-----+---------+-------+
| Field  | Type          | Null | Key | Default | Extra |
+--------+---------------+------+-----+---------+-------+
| id     | int(11)       | YES  |     | NULL    |       |
| name   | varchar(50)   | YES  |     | NULL    |       |
| salary | decimal(10,2) | YES  |     | NULL    |       |
+--------+---------------+------+-----+---------+-------+
3 rows in set (0.00 sec)

mysql> insert into t4(id, name, salary) values(1,'测试1',12999),(2,'测试2','不知道');
ERROR 1366 (HY000): Incorrect string value: '\xE6\xB5\x8B\xE8\xAF\x95...' for column 'name' at row 1
mysql> show warnings;
+-------+------+----------------------------------------------------------------------------------+
| Level | Code | Message                                                                          |
+-------+------+----------------------------------------------------------------------------------+
| Error | 1366 | Incorrect string value: '\xE6\xB5\x8B\xE8\xAF\x95...' for column 'name' at row 1 |
+-------+------+----------------------------------------------------------------------------------+
1 row in set (0.00 sec)

mysql> insert into t4(id, name, salary) values(1,'ceshi1',12999),(2,'ceshi2',15000.12);
Query OK, 2 rows affected (0.01 sec)
Records: 2  Duplicates: 0  Warnings: 0

mysql> select * from t4;
+------+--------+----------+
| id   | name   | salary   |
+------+--------+----------+
|    1 | ceshi1 | 12999.00 |
|    2 | ceshi2 | 15000.12 |
+------+--------+----------+
2 rows in set (0.00 sec)
```

##### 1.1.2 `TINYINT`：很小的整数 `默认带符号范围`
> 很小的整数。带符号的范围是-128到127。无符号的范围是0到255。
>
> `insert into t5(id) values(-128-127);`
```
mysql> insert into t5(id) values(0),(255);
ERROR 1264 (22003): Out of range value for column 'id' at row 2
mysql> insert into t5(id) values(0);
Query OK, 1 row affected (0.00 sec)

mysql> insert into t5(id) values(127);
Query OK, 1 row affected (0.01 sec)

mysql> insert into t5(id) values(128);
ERROR 1264 (22003): Out of range value for column 'id' at row 1
mysql> insert into t5(id) values(-10);
Query OK, 1 row affected (0.01 sec)

mysql> insert into t5(id) values(-127);
Query OK, 1 row affected (0.01 sec)

mysql> insert into t5(id) values(-128);
Query OK, 1 row affected (0.01 sec)

mysql> insert into t5(id) values(-129);
ERROR 1264 (22003): Out of range value for column 'id' at row 1
mysql> select * from t5;
+------+
| id   |
+------+
|    0 |
|  127 |
|  -10 |
| -127 |
| -128 |
+------+
5 rows in set (0.00 sec)
```

##### 1.1.3 `TINYINT`：很小的整数 `无符号范围`
> 很小的整数。带符号的范围是-128到127。无符号的范围是0到255。
>
> `insert into t5(id) values(0-255);`
```
mysql> desc t5;
+-------+---------------------+------+-----+---------+-------+
| Field | Type                | Null | Key | Default | Extra |
+-------+---------------------+------+-----+---------+-------+
| id    | tinyint(3) unsigned | YES  |     | NULL    |       |
+-------+---------------------+------+-----+---------+-------+
1 row in set (0.00 sec)

mysql> insert into t5(id) values(0);
Query OK, 1 row affected (0.00 sec)

mysql> insert into t5(id) values(255);
Query OK, 1 row affected (0.01 sec)

mysql> insert into t5(id) values(256);
ERROR 1264 (22003): Out of range value for column 'id' at row 1
mysql> insert into t5(id) values(-1);
ERROR 1264 (22003): Out of range value for column 'id' at row 1
mysql> select * from t5;
+------+
| id   |
+------+
|    0 |
|  255 |
+------+
2 rows in set (0.00 sec)
```

#### 1.2 浮点数

##### 1.2.1 `decimal`: 指定小数点的位数 `无符号范围`
```
mysql> create table t6(id int,salary decimal(7,2) unsigned);
Query OK, 0 rows affected (0.00 sec)

mysql> desc t6;
+--------+-----------------------+------+-----+---------+-------+
| Field  | Type                  | Null | Key | Default | Extra |
+--------+-----------------------+------+-----+---------+-------+
| id     | int(11)               | YES  |     | NULL    |       |
| salary | decimal(7,2) unsigned | YES  |     | NULL    |       |
+--------+-----------------------+------+-----+---------+-------+
2 rows in set (0.00 sec)

mysql> select * from t6;
+------+--------+
| id   | salary |
+------+--------+
|    1 |   NULL |
|    2 |   NULL |
|    3 |   NULL |
|    4 |   NULL |
+------+--------+
4 rows in set (0.00 sec)

mysql> update t6 set salary=13160.2 where id=4;
Query OK, 1 row affected (0.01 sec)
Rows matched: 1  Changed: 1  Warnings: 0

mysql> select * from t6;
+------+----------+
| id   | salary   |
+------+----------+
|    1 |     NULL |
|    2 |     NULL |
|    3 |     NULL |
|    4 | 13160.20 |
+------+----------+
4 rows in set (0.00 sec)
```

#### 1.3 日期和时间类型

##### 1.3.1 日期和时间类型概述应用
```
mysql> create table t7(id int,date date,time timestamp,datetime datetime);
Query OK, 0 rows affected (0.02 sec)

mysql> desc t7;
+----------+-----------+------+-----+-------------------+-----------------------------+
| Field    | Type      | Null | Key | Default           | Extra                       |
+----------+-----------+------+-----+-------------------+-----------------------------+
| id       | int(11)   | YES  |     | NULL              |                             |
| date     | date      | YES  |     | NULL              |                             |
| time     | timestamp | NO   |     | CURRENT_TIMESTAMP | on update CURRENT_TIMESTAMP |
| datetime | datetime  | YES  |     | NULL              |                             |
+----------+-----------+------+-----+-------------------+-----------------------------+
4 rows in set (0.01 sec)

mysql> insert into t7(id,date,datetime) values(1,'2011-09-01','2011-09-01 11:28:01'); 
Query OK, 1 row affected (0.01 sec)

mysql> select * from t7;
+------+------------+---------------------+---------------------+
| id   | date       | time                | datetime            |
+------+------------+---------------------+---------------------+
|    1 | 2011-09-01 | 2020-01-31 17:57:02 | 2011-09-01 11:28:01 |
+------+------------+---------------------+---------------------+
1 row in set (0.00 sec)
```