### 【mysql】mysql(唯一约束非空约束主键约束)[链接](https://www.jianshu.com/p/4a1be433d526)

### 1.非空约束
> 限制数据库中某个值是否可以为空，`null`字段值可以为空，`not null`字段值不能为空
> `注意`: 如果你的约束不生效可以先设置一下`sql_mode set session sql_mode='STRICT_TRANS_TABLES'`

#### 1.1 创建表`testnull`，设置`id`字段为`int`类型,设置`username`字段为`varchar(20)`且不能为空
> `create table testnull(id int,username varchar(20) not null);`
```
mysql> create table testnull(id int,username varchar(20) not null);
Query OK, 0 rows affected (0.01 sec)

mysql> desc testnull;
+----------+-------------+------+-----+---------+-------+
| Field    | Type        | Null | Key | Default | Extra |
+----------+-------------+------+-----+---------+-------+
| id       | int(11)     | YES  |     | NULL    |       |
| username | varchar(20) | NO   |     | NULL    |       |
+----------+-------------+------+-----+---------+-------+
2 rows in set (0.00 sec)
```

#### 1.2 测试插入数据,没有插入`username`字段报错
```
mysql> insert into testnull(id,username) values(1,'测试1'),(2,'测试2');
Query OK, 2 rows affected (0.02 sec)
Records: 2  Duplicates: 0  Warnings: 0

mysql> select * from testnull;
+------+----------+
| id   | username |
+------+----------+
|    1 | 测试1    |
|    2 | 测试2    |
+------+----------+
2 rows in set (0.01 sec)

mysql> inset into testnull(id) values(3);
ERROR 1064 (42000): You have an error in your SQL syntax; check the manual that corresponds to your MySQL server version for the right syntax to use near 'inset into testnull(id) values(3)' at line 1
```

### 2.唯一约束
> 字段添加唯一约束之后，该字段的值不能重复，也就是说在一列当中不能出现一样的值

#### 2.1 新建`testunique`表，设置`id`为`int类型`添加唯一约束，设置`username`为`varchar(20)`类型
> `create table testunique(id int unique, username varchar(20));`
```
mysql> create table testunique(id int not null unique, username varchar(20));
Query OK, 0 rows affected (0.03 sec)

mysql> desc testunique;
+----------+-------------+------+-----+---------+-------+
| Field    | Type        | Null | Key | Default | Extra |
+----------+-------------+------+-----+---------+-------+
| id       | int(11)     | NO   | PRI | NULL    |       |
| username | varchar(20) | YES  |     | NULL    |       |
+----------+-------------+------+-----+---------+-------+
2 rows in set (0.00 sec)
```

#### 2.2 测试`id`唯一约束，已经添加的值不能再重复的插入
```
mysql> insert into testunique(id,username) values(1, 'ceshi1'),(2,'ceshi2');
Query OK, 2 rows affected (0.01 sec)
Records: 2  Duplicates: 0  Warnings: 0

mysql> select * from testunique;
+----+----------+
| id | username |
+----+----------+
|  1 | ceshi1   |
|  2 | ceshi2   |
+----+----------+
2 rows in set (0.00 sec)

mysql> insert into testunique(id,username) values(1,'ceshi4');
ERROR 1062 (23000): Duplicate entry '1' for key 'id_2'
mysql> insert into testunique(id,username) values(2,'ceshi4');
ERROR 1062 (23000): Duplicate entry '2' for key 'id_2'
mysql> insert into testunique(id,username) values(3,'ceshi4');
Query OK, 1 row affected (0.01 sec)

mysql> select * from testunique;
+----+----------+
| id | username |
+----+----------+
|  1 | ceshi1   |
|  2 | ceshi2   |
|  3 | ceshi4   |
+----+----------+
3 rows in set (0.00 sec)
```

### 3.主键约束
> 1.主键保证记录的唯一性，主键自动为`NOT NULL`每张数据表只能存在一个主键
> 
> 2.`NOT NULL + UNIQUE KEY`: 一个`UNIQUE KEY`又是一个`NOT NULL`的时候，那么它被当做`PRIMARY KEY主键`当一张表里没有一个主键的时候，第一个出现的非空且为唯一的列被视为有主键。

#### 3.1 创建`testprimary`表，设置`id`类型为`int`且为`primary key`主键，`username`为`varchar(20)`类型，`number`为`int`类型
> `create table testprimary(id int primary key, username varchar(20), number int);`
```
mysql> create table testprimary(id int primary key, username varchar(20), number int);
Query OK, 0 rows affected (0.01 sec)

mysql> desc testprimary
    -> ;
+----------+-------------+------+-----+---------+-------+
| Field    | Type        | Null | Key | Default | Extra |
+----------+-------------+------+-----+---------+-------+
| id       | int(11)     | NO   | PRI | NULL    |       |
| username | varchar(20) | YES  |     | NULL    |       |
| number   | int(11)     | YES  |     | NULL    |       |
+----------+-------------+------+-----+---------+-------+
3 rows in set (0.00 sec)
```

#### 3.2 `primary key`主键约束插入数据测试，插入一条同样的数据会提示不能插入重复的数据表示唯一约束生效了
> 错误异常示例：`ERROR 1062 (23000): Duplicate entry '1' for key 'PRIMARY'`，提示不能插入重复的数据
```
mysql> insert into testprimary(id,username,number) values(1,'ceshi1',1),(2,'ceshi2',2)
    -> ;
Query OK, 2 rows affected (0.01 sec)
Records: 2  Duplicates: 0  Warnings: 0

mysql> select * from testprimary;
+----+----------+--------+
| id | username | number |
+----+----------+--------+
|  1 | ceshi1   |      1 |
|  2 | ceshi2   |      2 |
+----+----------+--------+
2 rows in set (0.00 sec)

mysql> insert into testprimary(id,username,number) values(1,'ceshi3',3);
ERROR 1062 (23000): Duplicate entry '1' for key 'PRIMARY'
mysql> insert into testprimary(id,username,number) values(2,'ceshi3',3);
ERROR 1062 (23000): Duplicate entry '2' for key 'PRIMARY'
mysql> insert into testprimary(id,username,number) values(3,'ceshi3',3);
Query OK, 1 row affected (0.01 sec)
```

### 4.自增长`AUTO_INCREMENT`
> `AUTO_INCREMENT`自动编号，且必须与`主键组合使用`默认情况下，起始值为1，每次的增量为1。
>
* 当插入记录时，如果为`AUTO_INCREMENT`数据列明确指定了一个数值，则会出现两种情况:
    * 情况一：如果`插入的值与已有的编号重复`，则会出现出错信息，因为`AUTO_INCREMENT数据列的值必须是唯一的`；
    * 情况二：如果`插入的值大于已编号的值`，则会把该插入到数据列中，并使在`下一个编号将从这个新值开始递增`。也就是说，可以跳过一些编号。如果自增序列的`最大值被删除了`，则在插入新记录时，`该值被重用。`

#### 4.1 创建`testauto`表，设置`id`字段为`int`类型且为自增长主键，`username`字段为`varchar(20)`类型，`phone`字段为`varchar(11)类型`
> `create table testauto(id int primary key auto_increment, username varchar(20), phone varchar(20));`
```
mysql> create table testauto(id int primary key auto_increment, username varchar(20), phone varchar(20));
Query OK, 0 rows affected (0.01 sec)

mysql> desc testauto;
+----------+-------------+------+-----+---------+----------------+
| Field    | Type        | Null | Key | Default | Extra          |
+----------+-------------+------+-----+---------+----------------+
| id       | int(11)     | NO   | PRI | NULL    | auto_increment |
| username | varchar(20) | YES  |     | NULL    |                |
| phone    | varchar(20) | YES  |     | NULL    |                |
+----------+-------------+------+-----+---------+----------------+
3 rows in set (0.00 sec)
```

#### 4.2 自增长`AUTO_INCREMENT`，`id`默认为`1`插入数据测试
```
mysql> insert into testauto(username,phone) values('ceshi1', 1008611),('ceshi2', 10010);
Query OK, 2 rows affected (0.01 sec)
Records: 2  Duplicates: 0  Warnings: 0

mysql> insert into testauto(username,phone) values('ceshi3', 15000126657),('ceshi4', 13655889971);
Query OK, 2 rows affected (0.00 sec)
Records: 2  Duplicates: 0  Warnings: 0

mysql> select * from testauto;
+----+----------+-------------+
| id | username | phone       |
+----+----------+-------------+
|  1 | ceshi1   | 1008611     |
|  2 | ceshi2   | 10010       |
|  3 | ceshi3   | 15000126657 |
|  4 | ceshi4   | 13655889971 |
+----+----------+-------------+
4 rows in set (0.00 sec)
```

#### 4.3 自增长`AUTO_INCREMENT`，设置`id`为`10000`，开始自增长插入数据测试
```mysql> insert into testauto(id,username,phone) values(10000,'ceshi10000','10000');
Query OK, 1 row affected (0.01 sec)

mysql> select * from testauto;
+-------+------------+-------------+
| id    | username   | phone       |
+-------+------------+-------------+
|     1 | ceshi1     | 1008611     |
|     2 | ceshi2     | 10010       |
|     3 | ceshi3     | 15000126657 |
|     4 | ceshi4     | 13655889971 |
| 10000 | ceshi10000 | 10000       |
+-------+------------+-------------+
5 rows in set (0.00 sec)

mysql> insert into testauto(username, phone) values('ceshi10001','156777889988'),('ceshi10002',1766677554),('ceshi10003','16677123321');
Query OK, 3 rows affected (0.01 sec)
Records: 3  Duplicates: 0  Warnings: 0

mysql> select * from testauto;
+-------+------------+--------------+
| id    | username   | phone        |
+-------+------------+--------------+
|     1 | ceshi1     | 1008611      |
|     2 | ceshi2     | 10010        |
|     3 | ceshi3     | 15000126657  |
|     4 | ceshi4     | 13655889971  |
| 10000 | ceshi10000 | 10000        |
| 10001 | ceshi10001 | 156777889988 |
| 10002 | ceshi10002 | 1766677554   |
| 10003 | ceshi10003 | 16677123321  |
+-------+------------+--------------+
8 rows in set (0.00 sec)
```