### 【mysql】mysql(默认约束和外键约束)[链接](https://www.jianshu.com/p/4a1be433d526)

### 1.自增长`AUTO_INCREMENT`
* `AUTO_INCREMENT`自动编号，且必须与主键组合使用
默认情况下，起始值为1，每次的增量为1。当插入记录时，如果为`AUTO_INCREMENT`数据列明确指定了一个数值，则会出现两种情况：
    * 情况一：如果插入的值与已有的编号重复，则会出现出错信息，因为`AUTO_INCREMENT`数据列的值必须是唯一的；
    * 情况二：如果插入的值大于已编号的值，则会把该插入到数据列中，并使在下一个编号将从这个新值开始递增。也就是说，可以跳过一些编号。如果自增序列的最大值被删除了，则在插入新记录时，该值被重用。

#### 1.1 创建`user`表，设置`id`字段为`int`类型且为自增长主键，设置`username`字段为`varchar(20)`类型且不为空
> `create table user(id int primary key auto_increment, username varchar(20) not null);`
```
mysql> create table user(id int primary key auto_increment, username varchar(20) not null);
Query OK, 0 rows affected (0.02 sec)

mysql> desc user;
+----------+-------------+------+-----+---------+----------------+
| Field    | Type        | Null | Key | Default | Extra          |
+----------+-------------+------+-----+---------+----------------+
| id       | int(11)     | NO   | PRI | NULL    | auto_increment |
| username | varchar(20) | NO   |     | NULL    |                |
+----------+-------------+------+-----+---------+----------------+
2 rows in set (0.00 sec)
```

#### 1.2 插入数据，默认情况下，起始值为1，每次的增量为1。
```
mysql> insert into user(username) values('ceshi1'),('ceshi2'),('ceshi3');
Query OK, 3 rows affected (0.04 sec)
Records: 3  Duplicates: 0  Warnings: 0

mysql> select * from user;
+----+----------+
| id | username |
+----+----------+
|  1 | ceshi1   |
|  2 | ceshi2   |
|  3 | ceshi3   |
+----+----------+
3 rows in set (0.00 sec)

mysql> insert into user(id,username) values(1,'ceshi4');
ERROR 1062 (23000): Duplicate entry '1' for key 'PRIMARY'
mysql> insert into user(id,username) values(2,'ceshi4');
ERROR 1062 (23000): Duplicate entry '2' for key 'PRIMARY'
mysql> insert into user(id,username) values(3,'ceshi4');
ERROR 1062 (23000): Duplicate entry '3' for key 'PRIMARY'
mysql> insert into user(id,username) values(4,'ceshi4');
Query OK, 1 row affected (0.01 sec)

mysql> select * from user;
+----+----------+
| id | username |
+----+----------+
|  1 | ceshi1   |
|  2 | ceshi2   |
|  3 | ceshi3   |
|  4 | ceshi4   |
+----+----------+
4 rows in set (0.00 sec)
```

#### 1.3 插入数据，跳过一些编号，从这个新值开始递增
```
mysql> insert into user(id,username) values(1000,'ceshi1000');
Query OK, 1 row affected (0.01 sec)

mysql> select * from user;
+------+-----------+
| id   | username  |
+------+-----------+
|    1 | ceshi1    |
|    2 | ceshi2    |
|    3 | ceshi3    |
|    4 | ceshi4    |
| 1000 | ceshi1000 |
+------+-----------+
5 rows in set (0.00 sec)

mysql> insert into user(username) values('ceshi1001'),('ceshi1002'),('ceshi1003');
Query OK, 3 rows affected (0.01 sec)
Records: 3  Duplicates: 0  Warnings: 0

mysql> select * from user;
+------+-----------+
| id   | username  |
+------+-----------+
|    1 | ceshi1    |
|    2 | ceshi2    |
|    3 | ceshi3    |
|    4 | ceshi4    |
| 1000 | ceshi1000 |
| 1001 | ceshi1001 |
| 1002 | ceshi1002 |
| 1003 | ceshi1003 |
+------+-----------+
8 rows in set (0.00 sec)
```

### 2.默认约束
> 设置字段默认值

#### 2.1 创建`userdefault`表，设置`id`字段为`int`类型且自增长主键，`username`字段`varchar(20)`类型且必填，`status`字段`int`类型默认值为`1`
> `create table userdefault(id int primary key auto_increment, username varchar(20) not null,status int default 1);`
```
mysql> create table userdefault(id int primary key auto_increment, username varchar(20) not null,status int default 1);
Query OK, 0 rows affected (0.01 sec)

mysql> desc userdefault;
+----------+-------------+------+-----+---------+----------------+
| Field    | Type        | Null | Key | Default | Extra          |
+----------+-------------+------+-----+---------+----------------+
| id       | int(11)     | NO   | PRI | NULL    | auto_increment |
| username | varchar(20) | NO   |     | NULL    |                |
| status   | int(11)     | YES  |     | 1       |                |
+----------+-------------+------+-----+---------+----------------+
3 rows in set (0.00 sec)
```

#### 2.2 插入无`status`和有`status`字段数据
```
mysql> insert into userdefault(username) values('cehsi1'),('ceshi2'),('ceshi3');
Query OK, 3 rows affected (0.01 sec)
Records: 3  Duplicates: 0  Warnings: 0

mysql> select * from userdefault;
+----+----------+--------+
| id | username | status |
+----+----------+--------+
|  1 | cehsi1   |      1 |
|  2 | ceshi2   |      1 |
|  3 | ceshi3   |      1 |
+----+----------+--------+
3 rows in set (0.00 sec)

mysql> insert into userdefault(username,status) values('ceshi4', 2),('ceshi5',null),('ceshi6',0); 
Query OK, 3 rows affected (0.01 sec)
Records: 3  Duplicates: 0  Warnings: 0

mysql> select * from userdefault;
+----+----------+--------+
| id | username | status |
+----+----------+--------+
|  1 | cehsi1   |      1 |
|  2 | ceshi2   |      1 |
|  3 | ceshi3   |      1 |
|  4 | ceshi4   |      2 |
|  5 | ceshi5   |   NULL |
|  6 | ceshi6   |      0 |
+----+----------+--------+
6 rows in set (0.00 sec)
```

### 3.外键约束

#### 3.1 查看当前数据库引擎是否为`InnoDB`
```
#外键约束要求数据表的存储引擎只能为InnoDB
#查看当前mysql服务器支持的存储引擎
SHOW ENGINES;
#编辑数据表的默认存储引擎
MySQL配置文件  ->/etc/my.cnf
[mysqld]
default-storage-engine=INNODB
#改完配置文件要重启服
service mysqld restart
```

#### 3.2 创建`teacher`表，设置`id`字段`int`类型自增长主键，`name`字段`varchar(20)`类型且不能为空
* 1.`create table teacher(id int primary key auto_increment, name varchar(20) not null);`
* 2.`insert into teacher(name) values('awen');`
```
mysql> create table teacher(id int primary key auto_increment, name varchar(20) not null);
Query OK, 0 rows affected (0.01 sec)

mysql> desc teacher;
+-------+-------------+------+-----+---------+----------------+
| Field | Type        | Null | Key | Default | Extra          |
+-------+-------------+------+-----+---------+----------------+
| id    | int(11)     | NO   | PRI | NULL    | auto_increment |
| name  | varchar(20) | NO   |     | NULL    |                |
+-------+-------------+------+-----+---------+----------------+
2 rows in set (0.00 sec)

mysql> insert into teacher(name) values('awen');
Query OK, 1 row affected (0.01 sec)

mysql> select * from teacher;
+----+---------------+
| id | name          |
+----+---------------+
|  1 | awen          |
|  2 | teacher huang |
+----+---------------+
2 rows in set (0.00 sec)
```

#### 3.3 创建`students`表，设置`id`字段为`int`类型且自增长主键，
设置`name`字段`varchar(20)`类型且不能为空，设置`teacher_id`字段`int`类型`外键约束`为`teacher`表`id`字段。
> `create table students(id int primary key auto_increment, name varchar(20) not null,teacher_id int,foreign key(teacher_id) references teacher(id));`
```
mysql> create table students(id int primary key auto_increment, name varchar(20) not null,teacher_id int,foreign key(teacher_id) references teacher(id));
Query OK, 0 rows affected (0.01 sec)

mysql> desc students;
+------------+-------------+------+-----+---------+----------------+
| Field      | Type        | Null | Key | Default | Extra          |
+------------+-------------+------+-----+---------+----------------+
| id         | int(11)     | NO   | PRI | NULL    | auto_increment |
| name       | varchar(20) | NO   |     | NULL    |                |
| teacher_id | int(11)     | YES  | MUL | NULL    |                |
+------------+-------------+------+-----+---------+----------------+
3 rows in set (0.00 sec)

mysql> desc teacher;
+-------+-------------+------+-----+---------+----------------+
| Field | Type        | Null | Key | Default | Extra          |
+-------+-------------+------+-----+---------+----------------+
| id    | int(11)     | NO   | PRI | NULL    | auto_increment |
| name  | varchar(20) | NO   |     | NULL    |                |
+-------+-------------+------+-----+---------+----------------+
2 rows in set (0.00 sec)
```

#### 3.4 `students`表插入`存在teacher_id`和`不存在teacher_id`数据测试

##### 存在`teacher_id`
```
mysql> insert into students(name,teacher_id) values('小明',1),('小张',1),('小王',1);
Query OK, 3 rows affected (0.00 sec)
Records: 3  Duplicates: 0  Warnings: 0

mysql> select * from students;
+----+--------+------------+
| id | name   | teacher_id |
+----+--------+------------+
|  1 | 小明   |          1 |
|  2 | 小张   |          1 |
|  3 | 小王   |          1 |
+----+--------+------------+
3 rows in set (0.00 sec)
```

##### 不存在`teacher_id`
> `外键约束失败提示`
```
mysql> insert into students(name,teacher_id) values('张无忌', 2);
ERROR 1452 (23000): Cannot add or update a child row: a foreign key constraint fails (`aaaa`.`students`, CONSTRAINT `students_ibfk_1` FOREIGN KEY (`teacher_id`) REFERENCES `teacher` (`id`))
mysql> insert into students(name,teacher_id) values('张无忌', 3);
ERROR 1452 (23000): Cannot add or update a child row: a foreign key constraint fails (`aaaa`.`students`, CONSTRAINT `students_ibfk_1` FOREIGN KEY (`teacher_id`) REFERENCES `teacher` (`id`))
mysql> insert into students(name,teacher_id) values('张无忌', 5);
ERROR 1452 (23000): Cannot add or update a child row: a foreign key constraint fails (`aaaa`.`students`, CONSTRAINT `students_ibfk_1` FOREIGN KEY (`teacher_id`) REFERENCES `teacher` (`id`))
mysql> insert into students(name,teacher_id) values('张无忌', 1);
Query OK, 1 row affected (0.01 sec)

mysql> insert into students(name, teacher_id) values('赵敏', 2), ('谢逊', 2),('张三丰',1);
Query OK, 3 rows affected (0.01 sec)
Records: 3  Duplicates: 0  Warnings: 0

mysql> select * from students;
+----+-----------+------------+
| id | name      | teacher_id |
+----+-----------+------------+
|  1 | 小明      |          1 |
|  2 | 小张      |          1 |
|  3 | 小王      |          1 |
|  7 | 张无忌    |          1 |
|  8 | 赵敏      |          2 |
|  9 | 谢逊      |          2 |
| 10 | 张三丰    |          1 |
+----+-----------+------------+
7 rows in set (0.00 sec)
```

#### 3.5 根据`students`表`teacher_id`字段查询每个学生对应`teacher`表老师姓名
> `select id, name, teacher_id, (select name from teacher where id=teacher_id) as teacher_name from students order by teacher_id asc;`
```
mysql> select id, name, teacher_id, (select name from teacher where id=teacher_id) as teacher_name from students order by teacher_id asc;
+----+-----------+------------+---------------+
| id | name      | teacher_id | teacher_name  |
+----+-----------+------------+---------------+
|  1 | 小明      |          1 | awen          |
|  2 | 小张      |          1 | awen          |
|  3 | 小王      |          1 | awen          |
|  7 | 张无忌    |          1 | awen          |
| 10 | 张三丰    |          1 | awen          |
|  8 | 赵敏      |          2 | teacher huang |
|  9 | 谢逊      |          2 | teacher huang |
+----+-----------+------------+---------------+
7 rows in set (0.00 sec)
```
